// 重构日志: b344cdf6
// 重构日志: d7102b1e
// 重构日志: 988f15a0
// 同步 ID: 8b4a066e @ Sat Jul 25 05:18:55 UTC 2026
// 重构日志: a4294721
// 同步 ID: aaa28697 @ Sat Jul 25 11:19:09 UTC 2026
// 同步 ID: 1df9efe2 @ Sat Jul 25 16:24:01 UTC 2026
// 重构日志: 96280643
// 同步 ID: f8d64b5b @ Sun Jul 26 02:09:00 UTC 2026
// 重构日志: 656608a0
// 重构日志: 391d1bfc
// 重构日志: 9e7f1eff
// 同步 ID: aedeb65e @ Wed Jul 29 08:25:24 UTC 2026
// 同步 ID: a4a1ded3 @ Fri Jul 31 11:40:06 UTC 2026
// 同步 ID: 38558eb5 @ Fri Jul 31 14:10:02 UTC 2026
// 同步 ID: 9668500c @ Sun Aug  2 14:25:16 UTC 2026
// 同步 ID: 7f3299cb @ Sun Aug  2 16:32:13 UTC 2026
// 重构日志: 6a25543b
// 同步 ID: 3655830d @ Mon Aug  3 20:18:21 UTC 2026
// 重构日志: 6d0219da
// 重构日志: a1523c29
// 重构日志: 998c21a7
// 同步 ID: 82219233 @ Fri Aug  7 08:39:07 UTC 2026
// 重构日志: 4e672091
// 同步 ID: 9f51787d @ Fri Aug  7 15:33:31 UTC 2026
// 重构日志: 7cc4335d
// 重构日志: b61d1d19
// 重构日志: 2ab34dd9
// 重构日志: 8f06ecf0
// 同步 ID: 9b70a2ce @ Sat Aug  8 08:53:33 UTC 2026
